{"schemaVersion":2,"mediaType":"application/vnd.oci.image.index.v1+json","manifests":[{"mediaType":"application/vnd.oci.image.manifest.v1+json","digest":"sha256:7e5ba34e645ef0e522b7c366b5a84afeea493100c3b73a278d36aeeee4e46a7c","size":738,"artifactType":"application/spdx+json","annotations":{"io.trove.generator":"sbom-gen","org.opencontainers.image.created":"2026-09-03T12:00:00Z"}},{"mediaType":"application/vnd.oci.image.manifest.v1+json","digest":"sha256:8ac6f9039157b340041b014a6199f47ec1500eb8cc8e3b3c23f5ba3ef615af35","size":654,"artifactType":"application/vnd.dev.cosign.simplesigning.v1+json"}]}
